// Jest Snapshot v1, https://goo.gl/fbAQLP

exports[`BackToHomeNavigationBar renders correctly 1`] = `
<View
  collapsable={false}
  style={
    {
      "backgroundColor": "#87cefa",
      "display": "flex",
      "flexDirection": "row",
      "justifyContent": "space-between",
      "paddingRight": 15,
      "shadowColor": "#000000",
      "shadowOffset": {
        "height": 3,
        "width": 0,
      },
      "shadowOpacity": 0.24,
      "shadowRadius": 4,
    }
  }
>
  <View
    accessibilityLabel="back to home"
    accessibilityRole="button"
    accessibilityState={
      {
        "disabled": true,
      }
    }
    accessible={true}
    focusable={false}
    hitSlop={
      {
        "bottom": 6,
        "left": 6,
        "right": 6,
        "top": 6,
      }
    }
    onClick={[Function]}
    onResponderGrant={[Function]}
    onResponderMove={[Function]}
    onResponderRelease={[Function]}
    onResponderTerminate={[Function]}
    onResponderTerminationRequest={[Function]}
    onStartShouldSetResponder={[Function]}
    style={
      [
        {
          "overflow": "hidden",
        },
        [
          {
            "alignItems": "center",
            "justifyContent": "center",
            "margin": 6,
            "overflow": "hidden",
          },
          {
            "borderRadius": 18,
            "height": 36,
            "width": 36,
          },
          undefined,
          {
            "borderRadius": 0,
          },
        ],
      ]
    }
  >
    <View>
      <Text
        accessibilityElementsHidden={true}
        allowFontScaling={false}
        importantForAccessibility="no-hide-descendants"
        pointerEvents="none"
        selectable={false}
        style={
          [
            {
              "color": "#000000",
              "fontSize": 24,
            },
            [
              {
                "lineHeight": 24,
                "transform": [
                  {
                    "scaleX": 1,
                  },
                ],
              },
              {
                "backgroundColor": "transparent",
              },
            ],
            {
              "fontFamily": "Material Design Icons",
              "fontStyle": "normal",
              "fontWeight": "normal",
            },
            {},
          ]
        }
      >
        Û∞Åç
      </Text>
    </View>
  </View>
</View>
`;
