// Jest Snapshot v1, https://goo.gl/fbAQLP

exports[`Login page renders correctly when empty credentials and no error 1`] = `
<View
  collapsable={false}
  style={
    {
      "backgroundColor": "#dbdbdb",
      "height": "100%",
      "justifyContent": "center",
      "shadowColor": "#000000",
      "shadowOffset": {
        "height": 3,
        "width": 0,
      },
      "shadowOpacity": 0.24,
      "shadowRadius": 4,
      "width": "100%",
    }
  }
>
  <View
    style={
      {
        "marginHorizontal": 20,
      }
    }
  >
    <View
      pointerEvents="none"
      style={
        [
          {
            "bottom": 0,
            "left": 0,
            "position": "absolute",
            "right": 0,
            "top": 6,
          },
          {
            "backgroundColor": "#f6f6f6",
            "borderColor": "rgba(0, 0, 0, 0.54)",
            "borderRadius": 4,
            "borderWidth": 1,
          },
        ]
      }
      testID="text-input-outline"
    />
    <View>
      <View
        style={
          [
            {
              "paddingBottom": 0,
            },
            {
              "minHeight": 64,
              "paddingTop": 8,
            },
          ]
        }
      >
        <View
          collapsable={false}
          pointerEvents="none"
          style={
            {
              "bottom": 0,
              "left": 0,
              "opacity": 1,
              "position": "absolute",
              "right": 0,
              "top": 0,
              "transform": [
                {
                  "translateX": 0,
                },
              ],
              "zIndex": 3,
            }
          }
        >
          <View
            collapsable={false}
            pointerEvents="none"
            style={
              {
                "backgroundColor": "#f6f6f6",
                "bottom": 4,
                "left": 10,
                "maxHeight": 2,
                "opacity": 0,
                "position": "absolute",
                "right": 0,
                "top": 6,
                "transform": [
                  {
                    "translateX": 0,
                  },
                ],
                "width": 12,
              }
            }
          />
          <Text
            collapsable={false}
            maxFontSizeMultiplier={1.5}
            numberOfLines={1}
            style={
              {
                "backgroundColor": "#f6f6f6",
                "color": "transparent",
                "fontFamily": "System",
                "fontSize": 16,
                "fontWeight": undefined,
                "left": 18,
                "maxWidth": -28,
                "opacity": 0,
                "paddingHorizontal": 0,
                "position": "absolute",
                "textAlign": "left",
                "top": 37,
                "transform": [
                  {
                    "translateX": 0,
                  },
                  {
                    "translateY": 0,
                  },
                  {
                    "scale": 1,
                  },
                  {
                    "scaleY": 1,
                  },
                ],
                "writingDirection": "ltr",
              }
            }
          >
            your access token
          </Text>
          <Text
            collapsable={false}
            maxFontSizeMultiplier={1.5}
            numberOfLines={1}
            onLayout={[Function]}
            style={
              {
                "color": "#6200ee",
                "fontFamily": "System",
                "fontSize": 16,
                "fontWeight": undefined,
                "left": 0,
                "opacity": 0,
                "paddingHorizontal": 14,
                "position": "absolute",
                "textAlign": "left",
                "top": 36,
                "transform": [
                  {
                    "translateX": 0,
                  },
                  {
                    "translateY": 0,
                  },
                  {
                    "scale": 1,
                  },
                ],
                "writingDirection": "ltr",
              }
            }
          >
            your access token
          </Text>
          <Text
            collapsable={false}
            maxFontSizeMultiplier={1.5}
            numberOfLines={1}
            style={
              {
                "color": "rgba(0, 0, 0, 0.54)",
                "fontFamily": "System",
                "fontSize": 16,
                "fontWeight": undefined,
                "left": 0,
                "opacity": 0,
                "paddingHorizontal": 14,
                "position": "absolute",
                "textAlign": "left",
                "top": 36,
                "transform": [
                  {
                    "translateX": 0,
                  },
                  {
                    "translateY": 0,
                  },
                  {
                    "scale": 1,
                  },
                ],
                "writingDirection": "ltr",
              }
            }
          >
            your access token
          </Text>
        </View>
        <TextInput
          accessibilityLabel="your access token"
          defaultValue=""
          editable={true}
          maxFontSizeMultiplier={1.5}
          multiline={false}
          onBlur={[Function]}
          onChangeText={[Function]}
          onFocus={[Function]}
          placeholder=" "
          placeholderTextColor="rgba(0, 0, 0, 0.54)"
          secureTextEntry={true}
          selectionColor="#6200ee"
          style={
            [
              {
                "flexGrow": 1,
                "margin": 0,
                "paddingHorizontal": 14,
                "zIndex": 1,
              },
              {
                "height": 56,
              },
              {
                "paddingBottom": 0,
                "paddingTop": 0,
              },
              {
                "color": "#000000",
                "fontFamily": "System",
                "fontSize": 16,
                "fontVariant": undefined,
                "fontWeight": undefined,
                "textAlign": "left",
                "textAlignVertical": "center",
              },
              false,
              [
                {},
              ],
            ]
          }
          testID="text-input-outlined"
          underlineColorAndroid="transparent"
          value=""
        />
      </View>
    </View>
  </View>
  <View
    style={
      {
        "marginHorizontal": 20,
      }
    }
  >
    <View
      pointerEvents="none"
      style={
        [
          {
            "bottom": 0,
            "left": 0,
            "position": "absolute",
            "right": 0,
            "top": 6,
          },
          {
            "backgroundColor": "#f6f6f6",
            "borderColor": "rgba(0, 0, 0, 0.54)",
            "borderRadius": 4,
            "borderWidth": 1,
          },
        ]
      }
      testID="text-input-outline"
    />
    <View>
      <View
        style={
          [
            {
              "paddingBottom": 0,
            },
            {
              "minHeight": 64,
              "paddingTop": 8,
            },
          ]
        }
      >
        <View
          collapsable={false}
          pointerEvents="none"
          style={
            {
              "bottom": 0,
              "left": 0,
              "opacity": 1,
              "position": "absolute",
              "right": 0,
              "top": 0,
              "transform": [
                {
                  "translateX": 0,
                },
              ],
              "zIndex": 3,
            }
          }
        >
          <View
            collapsable={false}
            pointerEvents="none"
            style={
              {
                "backgroundColor": "#f6f6f6",
                "bottom": 4,
                "left": 10,
                "maxHeight": 2,
                "opacity": 0,
                "position": "absolute",
                "right": 0,
                "top": 6,
                "transform": [
                  {
                    "translateX": 0,
                  },
                ],
                "width": 12,
              }
            }
          />
          <Text
            collapsable={false}
            maxFontSizeMultiplier={1.5}
            numberOfLines={1}
            style={
              {
                "backgroundColor": "#f6f6f6",
                "color": "transparent",
                "fontFamily": "System",
                "fontSize": 16,
                "fontWeight": undefined,
                "left": 18,
                "maxWidth": -28,
                "opacity": 0,
                "paddingHorizontal": 0,
                "position": "absolute",
                "textAlign": "left",
                "top": 37,
                "transform": [
                  {
                    "translateX": 0,
                  },
                  {
                    "translateY": 0,
                  },
                  {
                    "scale": 1,
                  },
                  {
                    "scaleY": 1,
                  },
                ],
                "writingDirection": "ltr",
              }
            }
          >
            your handle
          </Text>
          <Text
            collapsable={false}
            maxFontSizeMultiplier={1.5}
            numberOfLines={1}
            onLayout={[Function]}
            style={
              {
                "color": "#6200ee",
                "fontFamily": "System",
                "fontSize": 16,
                "fontWeight": undefined,
                "left": 0,
                "opacity": 0,
                "paddingHorizontal": 14,
                "position": "absolute",
                "textAlign": "left",
                "top": 36,
                "transform": [
                  {
                    "translateX": 0,
                  },
                  {
                    "translateY": 0,
                  },
                  {
                    "scale": 1,
                  },
                ],
                "writingDirection": "ltr",
              }
            }
          >
            your handle
          </Text>
          <Text
            collapsable={false}
            maxFontSizeMultiplier={1.5}
            numberOfLines={1}
            style={
              {
                "color": "rgba(0, 0, 0, 0.54)",
                "fontFamily": "System",
                "fontSize": 16,
                "fontWeight": undefined,
                "left": 0,
                "opacity": 0,
                "paddingHorizontal": 14,
                "position": "absolute",
                "textAlign": "left",
                "top": 36,
                "transform": [
                  {
                    "translateX": 0,
                  },
                  {
                    "translateY": 0,
                  },
                  {
                    "scale": 1,
                  },
                ],
                "writingDirection": "ltr",
              }
            }
          >
            your handle
          </Text>
        </View>
        <TextInput
          accessibilityLabel="your handle"
          defaultValue=""
          editable={true}
          maxFontSizeMultiplier={1.5}
          multiline={false}
          onBlur={[Function]}
          onChangeText={[Function]}
          onFocus={[Function]}
          placeholder=" "
          placeholderTextColor="rgba(0, 0, 0, 0.54)"
          selectionColor="#6200ee"
          style={
            [
              {
                "flexGrow": 1,
                "margin": 0,
                "paddingHorizontal": 14,
                "zIndex": 1,
              },
              {
                "height": 56,
              },
              {
                "paddingBottom": 0,
                "paddingTop": 0,
              },
              {
                "color": "#000000",
                "fontFamily": "System",
                "fontSize": 16,
                "fontVariant": undefined,
                "fontWeight": undefined,
                "textAlign": "left",
                "textAlignVertical": "center",
              },
              false,
              [
                {},
              ],
            ]
          }
          testID="text-input-outlined"
          underlineColorAndroid="transparent"
          value=""
        />
      </View>
    </View>
  </View>
  <View
    collapsable={false}
    style={
      {
        "backgroundColor": "#87cefa",
        "borderColor": "transparent",
        "borderRadius": 4,
        "borderStyle": "solid",
        "borderWidth": 0,
        "elevation": 0,
        "marginHorizontal": 50,
        "marginVertical": 10,
        "minWidth": 64,
        "shadowColor": "#000000",
        "shadowOffset": {
          "height": 0,
          "width": 0,
        },
        "shadowOpacity": 0,
        "shadowRadius": 0,
      }
    }
  >
    <View
      accessibilityLabel="login"
      accessibilityRole="button"
      accessibilityState={
        {
          "disabled": true,
        }
      }
      accessible={true}
      focusable={true}
      onClick={[Function]}
      onResponderGrant={[Function]}
      onResponderMove={[Function]}
      onResponderRelease={[Function]}
      onResponderTerminate={[Function]}
      onResponderTerminationRequest={[Function]}
      onStartShouldSetResponder={[Function]}
      style={
        [
          {
            "overflow": "hidden",
          },
          {
            "borderRadius": 4,
          },
        ]
      }
    >
      <View
        style={
          [
            {
              "alignItems": "center",
              "flexDirection": "row",
              "justifyContent": "center",
            },
            undefined,
          ]
        }
      >
        <Text
          numberOfLines={1}
          selectable={false}
          style={
            [
              {
                "color": "#000000",
                "fontFamily": "System",
                "fontWeight": "400",
              },
              {
                "textAlign": "left",
              },
              [
                {
                  "letterSpacing": 1,
                  "marginHorizontal": 16,
                  "marginVertical": 9,
                  "textAlign": "center",
                },
                undefined,
                {
                  "textTransform": "uppercase",
                },
                {
                  "color": "rgba(0, 0, 0, 0.32)",
                  "fontFamily": "System",
                  "fontWeight": "500",
                },
                {
                  "fontFamily": "System",
                  "fontWeight": "500",
                },
                undefined,
              ],
            ]
          }
        >
          Login
        </Text>
      </View>
    </View>
  </View>
</View>
`;
